------------------------------------------------------------
Timing Analyzer Summary
------------------------------------------------------------

Type  : Slow 1100mV 85C Model Setup 'current_state.STOP_T'
Slack : -6.545
TNS   : -46.179

Type  : Slow 1100mV 85C Model Setup 'current_state.STOP_R'
Slack : -6.042
TNS   : -51.124

Type  : Slow 1100mV 85C Model Setup 'clk'
Slack : -2.735
TNS   : -80.658

Type  : Slow 1100mV 85C Model Hold 'clk'
Slack : 0.385
TNS   : 0.000

Type  : Slow 1100mV 85C Model Hold 'current_state.STOP_R'
Slack : 0.563
TNS   : 0.000

Type  : Slow 1100mV 85C Model Hold 'current_state.STOP_T'
Slack : 0.975
TNS   : 0.000

Type  : Slow 1100mV 85C Model Minimum Pulse Width 'clk'
Slack : -0.724
TNS   : -36.684

Type  : Slow 1100mV 85C Model Minimum Pulse Width 'current_state.STOP_T'
Slack : 0.106
TNS   : 0.000

Type  : Slow 1100mV 85C Model Minimum Pulse Width 'current_state.STOP_R'
Slack : 0.248
TNS   : 0.000

Type  : Slow 1100mV 0C Model Setup 'current_state.STOP_T'
Slack : -6.727
TNS   : -48.491

Type  : Slow 1100mV 0C Model Setup 'current_state.STOP_R'
Slack : -6.288
TNS   : -53.529

Type  : Slow 1100mV 0C Model Setup 'clk'
Slack : -2.618
TNS   : -78.304

Type  : Slow 1100mV 0C Model Hold 'clk'
Slack : 0.110
TNS   : 0.000

Type  : Slow 1100mV 0C Model Hold 'current_state.STOP_R'
Slack : 0.506
TNS   : 0.000

Type  : Slow 1100mV 0C Model Hold 'current_state.STOP_T'
Slack : 1.103
TNS   : 0.000

Type  : Slow 1100mV 0C Model Minimum Pulse Width 'clk'
Slack : -0.724
TNS   : -37.000

Type  : Slow 1100mV 0C Model Minimum Pulse Width 'current_state.STOP_T'
Slack : 0.002
TNS   : 0.000

Type  : Slow 1100mV 0C Model Minimum Pulse Width 'current_state.STOP_R'
Slack : 0.289
TNS   : 0.000

Type  : Fast 1100mV 85C Model Setup 'current_state.STOP_T'
Slack : -2.036
TNS   : -13.155

Type  : Fast 1100mV 85C Model Setup 'clk'
Slack : -1.947
TNS   : -12.409

Type  : Fast 1100mV 85C Model Setup 'current_state.STOP_R'
Slack : -1.877
TNS   : -15.316

Type  : Fast 1100mV 85C Model Hold 'clk'
Slack : 0.176
TNS   : 0.000

Type  : Fast 1100mV 85C Model Hold 'current_state.STOP_R'
Slack : 0.223
TNS   : 0.000

Type  : Fast 1100mV 85C Model Hold 'current_state.STOP_T'
Slack : 0.292
TNS   : 0.000

Type  : Fast 1100mV 85C Model Minimum Pulse Width 'clk'
Slack : -0.085
TNS   : -2.698

Type  : Fast 1100mV 85C Model Minimum Pulse Width 'current_state.STOP_T'
Slack : 0.114
TNS   : 0.000

Type  : Fast 1100mV 85C Model Minimum Pulse Width 'current_state.STOP_R'
Slack : 0.278
TNS   : 0.000

Type  : Fast 1100mV 0C Model Setup 'current_state.STOP_T'
Slack : -1.898
TNS   : -12.490

Type  : Fast 1100mV 0C Model Setup 'current_state.STOP_R'
Slack : -1.763
TNS   : -14.595

Type  : Fast 1100mV 0C Model Setup 'clk'
Slack : -1.460
TNS   : -8.415

Type  : Fast 1100mV 0C Model Hold 'clk'
Slack : 0.161
TNS   : 0.000

Type  : Fast 1100mV 0C Model Hold 'current_state.STOP_R'
Slack : 0.204
TNS   : 0.000

Type  : Fast 1100mV 0C Model Hold 'current_state.STOP_T'
Slack : 0.288
TNS   : 0.000

Type  : Fast 1100mV 0C Model Minimum Pulse Width 'clk'
Slack : -0.083
TNS   : -2.666

Type  : Fast 1100mV 0C Model Minimum Pulse Width 'current_state.STOP_T'
Slack : 0.173
TNS   : 0.000

Type  : Fast 1100mV 0C Model Minimum Pulse Width 'current_state.STOP_R'
Slack : 0.302
TNS   : 0.000

------------------------------------------------------------
